core_cm4.h:1452:22:NVIC_EnableIRQ	16	static
main.c:31:6:TIM4_CH1_PWM_Init	4	static
main.c:43:6:configureGPIOB6	4	static
main.c:53:6:TIM4_CH2_PWM_Init	4	static
main.c:71:6:configureGPIOB7	4	static
main.c:81:6:TIM4_CH3_PWM_Init	4	static
main.c:101:6:configureGPIOB8	4	static
main.c:111:6:TIM4_CH4_PWM_Init	4	static
main.c:129:6:configureGPIOB9	4	static
main.c:139:6:TIM5_CH1_IC_Init	8	static
main.c:163:6:configureGPIOA0	4	static
main.c:175:6:TIM5_CH2_IC_Init	8	static
main.c:195:6:configureGPIOA1	4	static
main.c:207:6:TIM5_CH3_IC_Init	8	static
main.c:226:6:configureGPIOA2	4	static
main.c:238:6:TIM5_CH4_IC_Init	8	static
main.c:257:6:configureGPIOA3	4	static
main.c:270:6:configureGPIOA6	4	static
main.c:282:6:TIM3_CH1_IC_Init	8	static
main.c:306:6:TIM3_CH1_IRQHandler	16	static
main.c:335:6:TIM5_CH1_IRQHandler	16	static
main.c:363:6:TIM5_CH2_IRQHandler	16	static
main.c:391:6:TIM5_CH3_IRQHandler	16	static
main.c:419:6:TIM5_CH4_IRQHandler	16	static
main.c:448:5:main	8	static
