core_cm4.h:1452:22:NVIC_EnableIRQ	16	static
main.c:67:6:TIM4_CH1_PWM_Init	4	static
main.c:79:6:configureGPIOB6	4	static
main.c:89:6:TIM4_CH2_PWM_Init	4	static
main.c:107:6:configureGPIOB7	4	static
main.c:117:6:TIM4_CH3_PWM_Init	4	static
main.c:137:6:configureGPIOB8	4	static
main.c:147:6:TIM4_CH4_PWM_Init	4	static
main.c:165:6:configureGPIOB9	4	static
main.c:175:6:TIM5_CH1_IC_Init	8	static
main.c:199:6:configureGPIOA0	4	static
main.c:211:6:TIM5_CH2_IC_Init	8	static
main.c:231:6:configureGPIOA1	4	static
main.c:243:6:TIM5_CH3_IC_Init	8	static
main.c:262:6:configureGPIOA2	4	static
main.c:274:6:TIM5_CH4_IC_Init	8	static
main.c:293:6:configureGPIOA3	4	static
main.c:306:6:configureGPIOA6	4	static
main.c:317:6:configureGPIOA7	4	static
main.c:329:6:TIM3_CH1_CH2_IC_Init	8	static
main.c:360:6:TIM3_IRQHandler	16	static
main.c:415:6:TIM5_IRQHandler	24	static
main.c:512:5:main	8	static
