core_cm4.h:1452:22:NVIC_EnableIRQ	16	static
main.c:30:6:TIM5_CH1_IC_Init	8	static
main.c:54:6:configureGPIOA0	4	static
main.c:66:6:TIM5_CH2_IC_Init	8	static
main.c:86:6:configureGPIOA1	4	static
main.c:98:6:TIM5_CH3_IC_Init	8	static
main.c:117:6:configureGPIOA2	4	static
main.c:129:6:TIM5_CH4_IC_Init	8	static
main.c:148:6:configureGPIOA3	4	static
main.c:161:6:configureGPIOA6	4	static
main.c:173:6:TIM3_CH1_IC_Init	8	static
main.c:197:6:TIM3_CH1_IRQHandler	16	static
main.c:226:6:TIM5_CH1_IRQHandler	16	static
main.c:254:6:TIM5_CH2_IRQHandler	16	static
main.c:282:6:TIM5_CH3_IRQHandler	16	static
main.c:310:6:TIM5_CH4_IRQHandler	16	static
main.c:339:5:main	8	static
